// Jest Snapshot v1, https://goo.gl/fbAQLP

exports[`index component snapshot 1`] = `
<View
  accessible={true}
  collapsable={false}
  focusable={false}
  onClick={[Function]}
  onResponderGrant={[Function]}
  onResponderMove={[Function]}
  onResponderRelease={[Function]}
  onResponderTerminate={[Function]}
  onResponderTerminationRequest={[Function]}
  onStartShouldSetResponder={[Function]}
  style={
    Object {
      "opacity": 1,
    }
  }
>
  <View
    style={
      Object {
        "borderRadius": 25,
        "paddingHorizontal": 30,
        "paddingVertical": 12,
      }
    }
  >
    <Text
      style={
        Object {
          "color": "white",
          "fontSize": 18,
        }
      }
    />
  </View>
</View>
`;
