// Jest Snapshot v1, https://goo.gl/fbAQLP

exports[`HeaderBar component snapshot 1`] = `
<View>
  <Text>
    HeaderBar
  </Text>
</View>
`;
